


ARM Macro Assembler    Page 1 


    1 00000000                 AREA             RESET,DATA,READONLY
    2 00000000                 EXPORT           __Vectors
    3 00000000         
    4 00000000         __Vectors
    5 00000000 10001000        DCD              0x10001000  ;Stack pointer valu
                                                            e wehn stack is emp
                                                            ty
    6 00000004         
    7 00000004 00000000        DCD              Reset_Handler ;reset vector
    8 00000008         
    9 00000008                 ALIGN
   10 00000008                 AREA             mycode,CODE,READONLY
   11 00000000                 ENTRY
   12 00000000                 EXPORT           Reset_Handler
   13 00000000         
   14 00000000         Reset_Handler
   15 00000000 F04F 0010       MOV              R0,#0x10
   16 00000004 F04F 010A       MOV              R1,#2_1010
   17 00000008 F06F 0301       MOV              R3,#-2
   18 0000000C F04F 041E       MOV              R4,#3_1010
   19 00000010 F64F 75FF       MOV              R5,0XFFFF
   20 00000014 F64F 76FF       LDR              R6,=0XFFFF
   21 00000018         
   22 00000018 E7FE    STOP    B                STOP
   23 0000001A         
   24 0000001A 0000000A 
                       NUM     EQU              10
   25 0000001A 00 00 00000008 
              00123456 
              020F76D3 SRC     DCD              8,0x123456,34567891
   26 00000028                 END
Command Line: --debug --xref --cpu=Cortex-M3 --apcs=interwork --depend=l1q2.d -
ol1q2.o -IC:\Keil\ARM\RV31\INC -IC:\Keil\ARM\CMSIS\Include -IC:\Keil\ARM\Inc\NX
P\LPC17xx --predefine="__EVAL SETA 1" --list=l1q2.lst l1q2.asm



ARM Macro Assembler    Page 1 Alphabetic symbol ordering
Relocatable symbols

RESET 00000000

Symbol: RESET
   Definitions
      At line 1 in file l1q2.asm
   Uses
      None
Comment: RESET unused
__Vectors 00000000

Symbol: __Vectors
   Definitions
      At line 4 in file l1q2.asm
   Uses
      At line 2 in file l1q2.asm
Comment: __Vectors used once
2 symbols



ARM Macro Assembler    Page 1 Alphabetic symbol ordering
Relocatable symbols

Reset_Handler 00000000

Symbol: Reset_Handler
   Definitions
      At line 14 in file l1q2.asm
   Uses
      At line 7 in file l1q2.asm
      At line 12 in file l1q2.asm

SRC 0000001C

Symbol: SRC
   Definitions
      At line 25 in file l1q2.asm
   Uses
      None
Comment: SRC unused
STOP 00000018

Symbol: STOP
   Definitions
      At line 22 in file l1q2.asm
   Uses
      At line 22 in file l1q2.asm
Comment: STOP used once
mycode 00000000

Symbol: mycode
   Definitions
      At line 10 in file l1q2.asm
   Uses
      None
Comment: mycode unused
4 symbols



ARM Macro Assembler    Page 1 Alphabetic symbol ordering
Absolute symbols

NUM 0000000A

Symbol: NUM
   Definitions
      At line 24 in file l1q2.asm
   Uses
      None
Comment: NUM unused
1 symbol
338 symbols in table
