


ARM Macro Assembler    Page 1 


    1 00000000         
    2 00000000         ;Write an assembly language program to convert a 2-digit
                        hex number in to its equivalent BCD number
    3 00000000         
    4 00000000                 AREA             RESET,DATA,READONLY
    5 00000000                 EXPORT           __Vectors
    6 00000000         
    7 00000000         __Vectors
    8 00000000 10001000        DCD              0X10001000
    9 00000004 00000000        DCD              Reset_Handler
   10 00000008         
   11 00000008                 ALIGN
   12 00000008                 AREA             mycode,CODE,READONLY
   13 00000000                 ENTRY
   14 00000000                 EXPORT           Reset_Handler
   15 00000000         
   16 00000000         Reset_Handler
   17 00000000         
   18 00000000 490C            LDR              R1,=N
   19 00000002 6809            LDR              R1,[R1]
   20 00000004         
   21 00000004 2900    UP2     CMP              R1,#0
   22 00000006 D00F            BEQ              EXIT2
   23 00000008 F04F 0300       MOV              R3,#0
   24 0000000C 290A    UP1     CMP              R1,#0XA
   25 0000000E D304            BLO              EXIT1
   26 00000010 F1A1 010A       SUB              R1,#0XA
   27 00000014 F103 0301       ADD              R3,#1
   28 00000018 E7F8            B                UP1
   29 0000001A         
   30 0000001A FA01 F102 
                       EXIT1   LSL              R1,R2
   31 0000001E 4408            ADD              R0,R1
   32 00000020 F102 0204       ADD              R2,#4
   33 00000024 4619            MOV              R1,R3
   34 00000026 E7ED            B                UP2
   35 00000028         
   36 00000028 4C03    EXIT2   LDR              R4,=RESULT
   37 0000002A 6020            STR              R0,[R4]
   38 0000002C         
   39 0000002C         
   40 0000002C         
   41 0000002C         
   42 0000002C         
   43 0000002C         
   44 0000002C E7FE    STOP    B                STOP
   45 0000002E         
   46 0000002E 00 00 0000003B 
                       N       DCD              0x3B
   47 00000034         
   48 00000034 00000000 
              00000000         AREA             mydata,DATA,READWRITE
   49 00000000 00000000 
                       RESULT  DCD              0
   50 00000004                 END
Command Line: --debug --xref --cpu=Cortex-M3 --apcs=interwork --depend=l4q2.d -
ol4q2.o -IC:\Keil\ARM\RV31\INC -IC:\Keil\ARM\CMSIS\Include -IC:\Keil\ARM\Inc\NX
P\LPC17xx --predefine="__EVAL SETA 1" --list=l4q2.lst l4q2.asm



ARM Macro Assembler    Page 1 Alphabetic symbol ordering
Relocatable symbols

RESET 00000000

Symbol: RESET
   Definitions
      At line 4 in file l4q2.asm
   Uses
      None
Comment: RESET unused
__Vectors 00000000

Symbol: __Vectors
   Definitions
      At line 7 in file l4q2.asm
   Uses
      At line 5 in file l4q2.asm
Comment: __Vectors used once
2 symbols



ARM Macro Assembler    Page 1 Alphabetic symbol ordering
Relocatable symbols

EXIT1 0000001A

Symbol: EXIT1
   Definitions
      At line 30 in file l4q2.asm
   Uses
      At line 25 in file l4q2.asm
Comment: EXIT1 used once
EXIT2 00000028

Symbol: EXIT2
   Definitions
      At line 36 in file l4q2.asm
   Uses
      At line 22 in file l4q2.asm
Comment: EXIT2 used once
N 00000030

Symbol: N
   Definitions
      At line 46 in file l4q2.asm
   Uses
      At line 18 in file l4q2.asm
Comment: N used once
Reset_Handler 00000000

Symbol: Reset_Handler
   Definitions
      At line 16 in file l4q2.asm
   Uses
      At line 9 in file l4q2.asm
      At line 14 in file l4q2.asm

STOP 0000002C

Symbol: STOP
   Definitions
      At line 44 in file l4q2.asm
   Uses
      At line 44 in file l4q2.asm
Comment: STOP used once
UP1 0000000C

Symbol: UP1
   Definitions
      At line 24 in file l4q2.asm
   Uses
      At line 28 in file l4q2.asm
Comment: UP1 used once
UP2 00000004

Symbol: UP2
   Definitions
      At line 21 in file l4q2.asm
   Uses
      At line 34 in file l4q2.asm
Comment: UP2 used once
mycode 00000000




ARM Macro Assembler    Page 2 Alphabetic symbol ordering
Relocatable symbols

Symbol: mycode
   Definitions
      At line 12 in file l4q2.asm
   Uses
      None
Comment: mycode unused
8 symbols



ARM Macro Assembler    Page 1 Alphabetic symbol ordering
Relocatable symbols

RESULT 00000000

Symbol: RESULT
   Definitions
      At line 49 in file l4q2.asm
   Uses
      At line 36 in file l4q2.asm
Comment: RESULT used once
mydata 00000000

Symbol: mydata
   Definitions
      At line 48 in file l4q2.asm
   Uses
      None
Comment: mydata unused
2 symbols
345 symbols in table
