


ARM Macro Assembler    Page 1 


    1 00000000         ;works
    2 00000000         ;Write an assembly language program to convert a 2-digit
                        BCD number in to its equivalent hexadecimal number.
    3 00000000         
    4 00000000                 AREA             RESET,DATA,READONLY
    5 00000000                 EXPORT           __Vectors
    6 00000000         
    7 00000000         __Vectors
    8 00000000 10001000        DCD              0X10001000
    9 00000004 00000000        DCD              Reset_Handler
   10 00000008         
   11 00000008                 ALIGN
   12 00000008                 AREA             mycode,CODE,READONLY
   13 00000000                 ENTRY
   14 00000000                 EXPORT           Reset_Handler
   15 00000000         
   16 00000000         Reset_Handler
   17 00000000         
   18 00000000 4807            LDR              R0,=N
   19 00000002 6800            LDR              R0,[R0]
   20 00000004 4907            LDR              R1,=RESULT
   21 00000006 F04F 020A       MOV              R2,#0xA
   22 0000000A         
   23 0000000A EA4F 1310       LSR              R3,R0,#4    ;shifting to right 
                                                            by 4 bits to obtain
                                                             1st digit R3=1st d
                                                            igit
   24 0000000E F000 040F       AND              R4,R0,#0xF  ;ANDING with 1111 t
                                                            o obtain 2nd digit 
                                                            R4=2nd digit
   25 00000012         
   26 00000012 FB03 4502       MLA              R5,R3,R2,R4
   27 00000016 600D            STR              R5,[R1]
   28 00000018         
   29 00000018         
   30 00000018         
   31 00000018         
   32 00000018         
   33 00000018         
   34 00000018         
   35 00000018         
   36 00000018 E7FE    STOP    B                STOP
   37 0000001A         
   38 0000001A 00 00 00000015 
                       N       DCD              0x15
   39 00000020         
   40 00000020 00000000 
              00000000         AREA             mydata,DATA,READWRITE
   41 00000000 00000000 
                       RESULT  DCD              0
   42 00000004                 END
Command Line: --debug --xref --cpu=Cortex-M3 --apcs=interwork --depend=l4q3.d -
ol4q3.o -IC:\Keil\ARM\RV31\INC -IC:\Keil\ARM\CMSIS\Include -IC:\Keil\ARM\Inc\NX
P\LPC17xx --predefine="__EVAL SETA 1" --list=l4q3.lst l4q3.asm



ARM Macro Assembler    Page 1 Alphabetic symbol ordering
Relocatable symbols

RESET 00000000

Symbol: RESET
   Definitions
      At line 4 in file l4q3.asm
   Uses
      None
Comment: RESET unused
__Vectors 00000000

Symbol: __Vectors
   Definitions
      At line 7 in file l4q3.asm
   Uses
      At line 5 in file l4q3.asm
Comment: __Vectors used once
2 symbols



ARM Macro Assembler    Page 1 Alphabetic symbol ordering
Relocatable symbols

N 0000001C

Symbol: N
   Definitions
      At line 38 in file l4q3.asm
   Uses
      At line 18 in file l4q3.asm
Comment: N used once
Reset_Handler 00000000

Symbol: Reset_Handler
   Definitions
      At line 16 in file l4q3.asm
   Uses
      At line 9 in file l4q3.asm
      At line 14 in file l4q3.asm

STOP 00000018

Symbol: STOP
   Definitions
      At line 36 in file l4q3.asm
   Uses
      At line 36 in file l4q3.asm
Comment: STOP used once
mycode 00000000

Symbol: mycode
   Definitions
      At line 12 in file l4q3.asm
   Uses
      None
Comment: mycode unused
4 symbols



ARM Macro Assembler    Page 1 Alphabetic symbol ordering
Relocatable symbols

RESULT 00000000

Symbol: RESULT
   Definitions
      At line 41 in file l4q3.asm
   Uses
      At line 20 in file l4q3.asm
Comment: RESULT used once
mydata 00000000

Symbol: mydata
   Definitions
      At line 40 in file l4q3.asm
   Uses
      None
Comment: mydata unused
2 symbols
341 symbols in table
