


ARM Macro Assembler    Page 1 


    1 00000000         ;Write an assembly language program to find LCM of two n
                       umbers q
    2 00000000                 AREA             RESET,DATA,READONLY
    3 00000000                 EXPORT           __Vectors
    4 00000000         
    5 00000000         __Vectors
    6 00000000 10001000        DCD              0X10001000
    7 00000004 00000000        DCD              Reset_Handler
    8 00000008         
    9 00000008                 ALIGN
   10 00000008                 AREA             mycode, CODE, READONLY
   11 00000000                 ENTRY
   12 00000000                 EXPORT           Reset_Handler
   13 00000000         
   14 00000000         Reset_Handler
   15 00000000 F04F 0001       MOV              R0,#1       ;i
   16 00000004 4904            LDR              R1,=N
   17 00000006 4A05            LDR              R2,=M
   18 00000008         ;taking values
   19 00000008 680B            LDR              R3,[R1]
   20 0000000A 6814            LDR              R4,[R2]
   21 0000000C 429C            CMP              R4,R3
   22 0000000E         
   23 0000000E         STOP
   24 0000000E E7FE            B                STOP
   25 00000010         
   26 00000010         ;N DCD 0x12345678,0x6A,0x234,0x49C,0xA13BC,0x69,0xA666,0
                       x227799,0x98243231,0x01
   27 00000010 0000000C 
                       N       DCD              12
   28 00000014 0000001E 
                       M       DCD              30
   29 00000018 00000000 
              00000000         AREA             mydata,DATA,READWRITE
   30 00000000 00000000 
                       SUM     DCD              0
   31 00000004                 END
Command Line: --debug --xref --cpu=Cortex-M3 --apcs=interwork --depend=l3q4.d -
ol3q4.o -IC:\Keil\ARM\RV31\INC -IC:\Keil\ARM\CMSIS\Include -IC:\Keil\ARM\Inc\NX
P\LPC17xx --predefine="__EVAL SETA 1" --list=l3q4.lst l3q4.asm



ARM Macro Assembler    Page 1 Alphabetic symbol ordering
Relocatable symbols

RESET 00000000

Symbol: RESET
   Definitions
      At line 2 in file l3q4.asm
   Uses
      None
Comment: RESET unused
__Vectors 00000000

Symbol: __Vectors
   Definitions
      At line 5 in file l3q4.asm
   Uses
      At line 3 in file l3q4.asm
Comment: __Vectors used once
2 symbols



ARM Macro Assembler    Page 1 Alphabetic symbol ordering
Relocatable symbols

M 00000014

Symbol: M
   Definitions
      At line 28 in file l3q4.asm
   Uses
      At line 17 in file l3q4.asm
Comment: M used once
N 00000010

Symbol: N
   Definitions
      At line 27 in file l3q4.asm
   Uses
      At line 16 in file l3q4.asm
Comment: N used once
Reset_Handler 00000000

Symbol: Reset_Handler
   Definitions
      At line 14 in file l3q4.asm
   Uses
      At line 7 in file l3q4.asm
      At line 12 in file l3q4.asm

STOP 0000000E

Symbol: STOP
   Definitions
      At line 23 in file l3q4.asm
   Uses
      At line 24 in file l3q4.asm
Comment: STOP used once
mycode 00000000

Symbol: mycode
   Definitions
      At line 10 in file l3q4.asm
   Uses
      None
Comment: mycode unused
5 symbols



ARM Macro Assembler    Page 1 Alphabetic symbol ordering
Relocatable symbols

SUM 00000000

Symbol: SUM
   Definitions
      At line 30 in file l3q4.asm
   Uses
      None
Comment: SUM unused
mydata 00000000

Symbol: mydata
   Definitions
      At line 29 in file l3q4.asm
   Uses
      None
Comment: mydata unused
2 symbols
342 symbols in table
